<!DOCTYPE html PUBLIC "-//W3C//DTD HTML 4.0 Transitional//EN" "http://www.w3.org/TR/REC-html40/loose.dtd">
<html><body>
<table id="table" class="table" data-id="1">
<caption class="caption">dummy</caption>
<thead class="thead"><th class="th">text</th></thead>
<tbody class="tbody"><tr><td class="td">t</td></tr></tbody>
</table>
</body></html>
