<!DOCTYPE html PUBLIC "-//W3C//DTD HTML 4.0 Transitional//EN" "http://www.w3.org/TR/REC-html40/loose.dtd">
<html><body>
<table>
<thead>
<th>id</th>
<th>age</th>
</thead>
<tbody><tr>
<td>1</td>
<td>1</td>
</tr></tbody>
</table>
</body></html>
