<!DOCTYPE html PUBLIC "-//W3C//DTD HTML 4.0 Transitional//EN" "http://www.w3.org/TR/REC-html40/loose.dtd">
<html><body>
<table id="table" class='"&lt;script&gt;alert(1)&lt;/script&gt;"' data-id="1">
<thead><th>text</th></thead>
<tbody><tr><td>t</td></tr></tbody>
</table>
</body></html>
