<!DOCTYPE html PUBLIC "-//W3C//DTD HTML 4.0 Transitional//EN" "http://www.w3.org/TR/REC-html40/loose.dtd">
<html><body>
<table>
<thead><th>escape</th></thead>
<tbody>
<tr><td><script>alert(1)</script></td></tr>
<tr><td><p>a</p></td></tr>
</tbody>
</table>
</body></html>
