<!DOCTYPE html PUBLIC "-//W3C//DTD HTML 4.0 Transitional//EN" "http://www.w3.org/TR/REC-html40/loose.dtd">
<html><body>
<table>
<thead><th>text</th></thead>
<tbody>
<tr><td>a</td></tr>
<tr>
<td>b</td>
<td>c</td>
</tr>
</tbody>
</table>
</body></html>
