<!DOCTYPE html PUBLIC "-//W3C//DTD HTML 4.0 Transitional//EN" "http://www.w3.org/TR/REC-html40/loose.dtd">
<html><body>
<table>
<thead><th>escape</th></thead>
<tbody>
<tr><td>&lt;script&gt;alert(1)&lt;/script&gt;</td></tr>
<tr><td>&lt;p&gt;a&lt;/p&gt;</td></tr>
</tbody>
</table>
</body></html>
